app/components/CombinedDashboard.tsx(69,9): error TS2739: Type 'MonitoringData' is missing the following properties from type 'MonitoringData': interventionCount, drivingDuration
app/components/UnifiedWellnessDashboard.tsx(108,11): error TS7034: Variable 'newAlerts' implicitly has type 'any[]' in some locations where its type cannot be determined.
app/components/UnifiedWellnessDashboard.tsx(129,29): error TS7005: Variable 'newAlerts' implicitly has an 'any[]' type.
